#-----------------------------------------------------------
# Vivado v2018.2 (64-bit)
# SW Build 2258646 on Thu Jun 14 20:03:12 MDT 2018
# IP Build 2256618 on Thu Jun 14 22:10:49 MDT 2018
# Start of session at: Tue Feb  5 20:07:46 2019
# Process ID: 5192
# Current directory: C:/Users/Jesus Luciano/Desktop/Computer_Architecture/Register_File
# Command line: vivado.exe -gui_launcher_event rodinguilauncherevent3168 C:\Users\Jesus Luciano\Desktop\Computer_Architecture\Register_File\Register_File.xpr
# Log file: C:/Users/Jesus Luciano/Desktop/Computer_Architecture/Register_File/vivado.log
# Journal file: C:/Users/Jesus Luciano/Desktop/Computer_Architecture/Register_File\vivado.jou
#-----------------------------------------------------------
start_gui
open_project {C:/Users/Jesus Luciano/Desktop/Computer_Architecture/Register_File/Register_File.xpr}
update_compile_order -fileset sources_1
launch_simulation
source regfile32_TB.tcl
close_sim
update_compile_order -fileset sim_1
update_compile_order -fileset sim_1
launch_simulation
source regfile32_TB.tcl
close_sim
launch_simulation
source regfile32_TB.tcl
close_sim
launch_simulation
source regfile32_TB.tcl
close_sim
launch_simulation
source regfile32_TB.tcl
close_sim
close_project
open_project {C:/Users/Jesus Luciano/Desktop/Computer_Architecture/Register_File/Register_File.xpr}
update_compile_order -fileset sources_1
launch_simulation
source regfile32_TB.tcl
close_sim
launch_simulation
source regfile32_TB.tcl
close_sim
launch_simulation
source regfile32_TB.tcl
close_sim
launch_simulation
source regfile32_TB.tcl
close_sim
launch_simulation
source regfile32_TB.tcl
close_sim
launch_simulation
source regfile32_TB.tcl
close_sim
launch_simulation
source regfile32_TB.tcl
close_sim
